# Third-party single binaries
bin: ~/.bin

# My scripts
scripts: ~/.scripts

# Mailcap (Mutt and other programs)
mailcap: ~/.config/mailcap

# Config: utilities
compton: ~/.config/compton
ctags: ~/.config/ctags
gdb:
- gdbinit: ~/.gdbinit
git:
- gitconfig: ~/.config/git/config
i3: ~/.config/regolith/i3
jwm:
- jwmrc: ~/.jwmrc
- jwm: ~/.jwm
irssi: ~/.config/irssi
karabiner: ~/.config/karabiner
lf: ~/.config/lf
newsboat:
- config: ~/.config/newsboat/config
- urls: ~/.config/newsboat/urls
- notify-wrapper: ~/.config/newsboat/notify-wrapper
polybar: ~/.config/polybar
ranger: ~/.config/ranger
ttrv: ~/.config/ttrv
screen:
- screenrc: ~/.screenrc
tmux:
- tmux-dark.conf: ~/.config/tmux/tmux.conf
tmuxinator: ~/.config/tmuxinator
ghci: ~/.ghci
mpv: ~/.config/mpv
mps-youtube:
- config.json: ~/.config/mps-youtube/config.json
- playlists: ~/.config/mps-youtube/playlists
joplin/keymap.json: ~/.config/joplin/keymap.json
sxiv: ~/.config/sxiv
w3m: ~/.config/w3m
scim/scimrc: ~/.config/scimrc
neomutt: ~/.config/neomutt
urlview/urlview: ~/.urlview
gnupg: ~/.config/gnupg
mpd: ~/.config/mpd
ncmpcpp: ~/.config/ncmpcpp
pipe-viewer: ~/.config/pipe-viewer
R: ~/.config/R
zathura: ~/.config/zathura
gotop: ~/.config/gotop
paru: ~/.config/paru
alacritty: ~/.config/alacritty
glow: ~/.config/glow
dunst: ~/.config/dunst
sxhkd: ~/.config/sxhkd
talon-user: ~/.talon/user
surfraw: ~/.config/surfraw
khard: ~/.config/khard
khal: ~/.config/khal
vdirsyncer: ~/.config/vdirsyncer

# Email: these won't exist when you clone the repo
mbsync: ~/.config/mbsync
msmtp: ~/.config/msmtp
notmuch: ~/.config/notmuch

# Config: X server (Linux)
xinitrc: ~/.xinitrc
xprofile: ~/.xprofile
Xresources: ~/.Xresources

# Config: GTK
gtk-2.0/gtkrc: ~/.gtkrc-2.0

# Config: Emacs
emacs:
- config.org: ~/.emacs.d/config.org
- init.el: ~/.emacs.d/init.el
- jokull-theme.el: ~/.emacs.d/jokull-theme.el
- junipero-theme.el: ~/.emacs.d/junipero-theme.el
- notification.wav: ~/.emacs.d/notification.wav

# Config: shell
shell:
- zshenv_bootstrap: ~/.zshenv
# - zshenv: ~/.config/zsh/.zshenv # Catalina decided that /etc/zprofile should override a custom zshenv...so gotta stick everything in zshrc.
- zshrc: ~/.config/zsh/.zshrc
- inputrc: ~/.inputrc
mime.types: ~/.mime.types

# Config: Vim
vim:
- after: ~/.vim/after
- autoload: ~/.vim/autoload
- colors: ~/.vim/colors
- compiler: ~/.vim/compiler
- filetype.vim: ~/.vim/filetype.vim
- plugin: ~/.vim/plugin
- syntax: ~/.vim/syntax
- ultisnips: ~/.vim/ultisnips
- words: ~/.vim/words
- spell: ~/.vim/spell
- vimrc: ~/.vim/vimrc

# Thirdparty tools
tools:
- solvitaire:
  -- freecell: bin/freecell
  -- sol: bin/solitaire
  -- spider: bin/spider
- tmpmail/tmpmail: bin/tmpmail
