# The format of this file is:
#   - lines starting with '#' are comments
#   - whitespace is ignored, except inside a mapping definition
#   - a mapping definition is: "source: destination"
#   - source paths are relative to the root of $DOTFILES (set in conf, or from an environment variable)
#   - lines that don't start with a '-' are top-level directories or files
#   - lines starting with n number of '-' are files/directories n levels deep
#       (i.e. '- bin' is one level deep, '-- bin' is two levels deep, etc.)

# For example, the map definitions:
#   vim:
#     - vimrc: ~/.vimrc
#     - autoload:
#       -- script1.vim: ~/.vim/autoload/script1.vim
#       -- script2.vim: ~/.vim/autoload/script2.vim
#   tmux/tmux.conf: ~/.tmux.conf
#
# Get parsed as:
#   vim/vimrc => ~/.vimrc
#   vim/autoload/script1.vim => ~/.vim/autoload/script1.vim
#   vim/autoload/script2.vim => ~/.vim/autoload/script2.vim
#   tmux/tmux.conf => ~/.tmux.conf

# When linking/unlinking, names don't have to be complete.
# You can also just provide the name of the top directory, conf will figure out the rest.


# Custom stuff I write
bin: ~/.bin
scripts: ~/.scripts

# Utilities
compton: ~/.config/compton
ctags.d: ~/.ctags.d
gdb:
- gdbinit: ~/.gdbinit
git:
- gitconfig: ~/.gitconfig
i3: ~/.config/i3
irssi: ~/.config/irssi
karabiner: ~/.config/karabiner
lf: ~/.config/lf
newsboat: ~/.newsboat
oh-my-zsh: ~/.oh-my-zsh
polybar: ~/.config/polybar
radio:
- radio-config: ~/.radio-config
ranger: ~/.config/ranger
rtv: ~/.config/rtv
screen:
- screenrc: ~/.screenrc
tmux:
- tmux.conf: ~/.tmux.conf
ghci: ~/.ghci

# X server (Linux)
xinitrc: ~/.xinitrc
xprofile: ~/.xprofile
Xresources: ~/.Xresources

# Emacs config
emacs:
- emacs.d: ~/.emacs.d
- emacs: ~/emacs

# All shell config
shell:
- aliases: ~/.aliases
- functions: ~/.functions
- secret_env_variables: ~/.secret_env_variables
- zprofile: ~/.zprfile
- zshrc: ~/.zshrc

# Vim config
vim:
- after: ~/.vim/after
- autoload: ~/.vim/autoload
- colors: ~/.vim/colors
- compiler: ~/.vim/compiler
- ftdetect: ~/.vim/ftdetect
- plugin: ~/.vim/plugin
- ultisnips: ~/.vim/ultisnips
- vimrc: ~/.vimrc
